I'm sorry, but errors were detected in your script. Please correct the
errors listed below, and try again.


File "game/script.rpy", line 317: expected 'image_name_component' not found.
    hide scene with fade
        ^

Ren'Py Version: Ren'Py 7.3.2.320
Thu Jul 18 21:43:02 2019
